{"level":"info","message":"Henrry Bourgeot ha iniciado sesión","timestamp":"19-08-2023 19:45:58"}
{"level":"info","message":"Henrry Bourgeot ha iniciado sesión","timestamp":"19-08-2023 19:46:36"}
{"level":"info","message":"Henrry Bourgeot ha entrado al módulo de los estudiantes","timestamp":"19-08-2023 19:58:10"}
{"level":"info","message":"Henrry Bourgeot ha entrado al módulo de los estudiantes","timestamp":"19-08-2023 19:58:14"}
{"level":"info","message":"Henrry Bourgeot ha iniciado sesión","timestamp":"21-08-2023 12:42:03"}
{"level":"info","message":"Henrry Bourgeot ha iniciado sesión","timestamp":"22-08-2023 20:58:34"}
{"level":"info","message":"Henrry Bourgeot ha iniciado sesión","timestamp":"22-08-2023 20:58:36"}
{"level":"info","message":"Henrry Bourgeot ha iniciado sesión","timestamp":"22-08-2023 20:59:19"}
{"level":"info","message":"Henrry Bourgeot ha entrado al módulo de los pagos","timestamp":"22-08-2023 20:59:28"}
{"level":"info","message":"Henrry Bourgeot ha entrado al módulo de los pagos","timestamp":"22-08-2023 20:59:34"}
{"level":"info","message":"Henrry Bourgeot ha entrado al módulo de los pagos","timestamp":"22-08-2023 20:59:37"}
{"level":"info","message":"Henrry Bourgeot ha entrado al módulo de los pagos","timestamp":"22-08-2023 21:00:19"}
{"level":"warn","message":"Atención, Henrry Bourgeot puede que registre un pago","timestamp":"22-08-2023 21:22:06"}
{"level":"warn","message":"Atención, Henrry Bourgeot puede que registre un pago","timestamp":"22-08-2023 21:26:28"}
{"level":"warn","message":"Henrry Bourgeot ha registrado un pago del estudiante de C.I. N° 29890437 por concepto 'cuota1'","timestamp":"22-08-2023 21:27:09"}
{"level":"info","message":"Henrry Bourgeot ha generado la factura nro. 0006","timestamp":"22-08-2023 21:27:09"}
{"level":"warn","message":"Atención, Henrry Bourgeot puede que registre un pago","timestamp":"22-08-2023 21:27:12"}
{"level":"warn","message":"Henrry Bourgeot ha registrado un pago del estudiante de C.I. N° 29890437 por concepto 'inscripcion'","timestamp":"22-08-2023 21:27:34"}
{"level":"info","message":"Henrry Bourgeot ha generado la factura nro. 0007","timestamp":"22-08-2023 21:27:34"}
{"level":"warn","message":"Atención, Henrry Bourgeot puede que registre un pago","timestamp":"22-08-2023 21:27:36"}
{"level":"info","message":"Henrry Bourgeot ha iniciado sesión","timestamp":"12-09-2023 05:05:48"}
{"level":"info","message":"Henrry Bourgeot ha entrado al módulo de los pagos","timestamp":"12-09-2023 05:07:19"}
{"level":"info","message":"Henrry Bourgeot ha entrado al módulo de los pagos","timestamp":"12-09-2023 05:07:21"}
{"level":"info","message":"Henrry Bourgeot ha entrado al módulo de los pagos","timestamp":"12-09-2023 05:09:43"}
{"level":"info","message":"Henrry Bourgeot ha entrado al módulo de los pagos","timestamp":"12-09-2023 05:11:45"}
{"level":"info","message":"Henrry Bourgeot ha entrado al módulo de los pagos","timestamp":"12-09-2023 05:12:46"}
{"level":"info","message":"Henrry Bourgeot ha entrado al módulo de los pagos","timestamp":"12-09-2023 05:14:21"}
{"level":"info","message":"Henrry Bourgeot ha generado la factura nro. 0009","timestamp":"12-09-2023 05:16:30"}
{"level":"info","message":"Henrry Bourgeot ha entrado al módulo de los pagos","timestamp":"12-09-2023 05:18:16"}
{"level":"warn","message":"Atención, Henrry Bourgeot puede que registre un pago","timestamp":"12-09-2023 05:18:18"}
{"level":"info","message":"Henrry Bourgeot ha entrado al módulo de los pagos","timestamp":"12-09-2023 05:18:19"}
{"level":"info","message":"Henrry Bourgeot ha entrado al módulo de los pagos","timestamp":"12-09-2023 05:18:37"}
{"level":"info","message":"Henrry Bourgeot ha entrado al módulo de los pagos","timestamp":"12-09-2023 05:23:52"}
{"level":"info","message":"Henrry Bourgeot ha entrado al módulo de los pagos","timestamp":"12-09-2023 05:58:43"}
{"level":"info","message":"Henrry Bourgeot ha iniciado sesión","timestamp":"12-09-2023 09:05:46"}
{"level":"info","message":"Henrry Bourgeot ha entrado al módulo de los pagos","timestamp":"12-09-2023 09:05:50"}
{"level":"info","message":"Henrry Bourgeot ha generado la factura nro. 0010","timestamp":"12-09-2023 09:05:56"}
{"level":"info","message":"Henrry Bourgeot ha entrado al módulo de los pagos","timestamp":"12-09-2023 09:15:28"}
{"level":"info","message":"Henrry Bourgeot ha entrado al módulo de los pagos","timestamp":"12-09-2023 09:21:17"}
{"level":"info","message":"Henrry Bourgeot está viendo los pagos realizados por el estudiante ELIBETH LEONELA CURALLI JAIMES","timestamp":"12-09-2023 09:37:39"}
{"level":"info","message":"Henrry Bourgeot ha entrado al módulo de los pagos","timestamp":"12-09-2023 09:37:41"}
{"level":"warn","message":"Atención, Henrry Bourgeot puede que registre un pago","timestamp":"12-09-2023 09:38:50"}
{"level":"warn","message":"Atención, Henrry Bourgeot puede que registre un pago","timestamp":"12-09-2023 09:41:51"}
{"level":"warn","message":"Atención, Henrry Bourgeot puede que registre un pago","timestamp":"12-09-2023 09:45:47"}
{"level":"warn","message":"Atención, Henrry Bourgeot puede que registre un pago","timestamp":"12-09-2023 09:45:55"}
{"level":"warn","message":"Atención, Henrry Bourgeot puede que registre un pago","timestamp":"12-09-2023 09:46:02"}
{"level":"info","message":"Henrry Bourgeot ha entrado al módulo de los pagos","timestamp":"12-09-2023 09:55:27"}
{"level":"info","message":"Henrry Bourgeot está viendo los pagos realizados por el estudiante ELIBETH LEONELA CURALLI JAIMES","timestamp":"12-09-2023 09:55:38"}
{"level":"info","message":"Henrry Bourgeot está viendo los pagos realizados por el estudiante ELIBETH LEONELA CURALLI JAIMES","timestamp":"12-09-2023 09:55:59"}
{"level":"info","message":"Henrry Bourgeot está viendo los pagos realizados por el estudiante ELIBETH LEONELA CURALLI JAIMES","timestamp":"12-09-2023 09:56:03"}
{"level":"info","message":"Henrry Bourgeot está viendo los pagos realizados por el estudiante ELIBETH LEONELA CURALLI JAIMES","timestamp":"12-09-2023 09:56:05"}
{"level":"info","message":"Henrry Bourgeot está viendo los pagos realizados por el estudiante ELIBETH LEONELA CURALLI JAIMES","timestamp":"12-09-2023 09:56:48"}
{"level":"info","message":"Henrry Bourgeot está viendo los pagos realizados por el estudiante ELIBETH LEONELA CURALLI JAIMES","timestamp":"12-09-2023 09:57:23"}
{"level":"info","message":"Henrry Bourgeot ha entrado al módulo de los pagos","timestamp":"12-09-2023 09:59:22"}
{"level":"info","message":"Henrry Bourgeot está viendo los pagos realizados por el estudiante GUSTAVO ADOLFO GONZALEZ LEON","timestamp":"12-09-2023 09:59:41"}
{"level":"info","message":"Henrry Bourgeot está viendo los pagos realizados por el estudiante GUSTAVO ADOLFO GONZALEZ LEON","timestamp":"12-09-2023 10:01:50"}
{"level":"info","message":"Henrry Bourgeot ha entrado al módulo de los pagos","timestamp":"12-09-2023 10:01:53"}
{"level":"info","message":"Henrry Bourgeot está viendo los pagos realizados por el estudiante ELIBETH LEONELA CURALLI JAIMES","timestamp":"12-09-2023 10:02:01"}
{"level":"info","message":"Henrry Bourgeot ha entrado al módulo de los pagos","timestamp":"12-09-2023 10:02:11"}
{"level":"info","message":"Henrry Bourgeot está viendo los pagos realizados por el estudiante ELIBETH LEONELA CURALLI JAIMES","timestamp":"12-09-2023 10:02:17"}
{"level":"info","message":"Henrry Bourgeot está viendo los pagos realizados por el estudiante ELIBETH LEONELA CURALLI JAIMES","timestamp":"12-09-2023 10:02:26"}
{"level":"info","message":"Henrry Bourgeot ha entrado al módulo de los pagos","timestamp":"12-09-2023 10:02:37"}
{"level":"info","message":"Henrry Bourgeot ha entrado al módulo de los estudiantes","timestamp":"12-09-2023 10:02:51"}
{"level":"warn","message":"Henrry Bourgeot ha registrado al estudiante GUSTAVO ALEJANDRO RODRIGUEZ LEON","timestamp":"12-09-2023 10:06:06"}
{"level":"info","message":"Henrry Bourgeot ha entrado al módulo de los estudiantes","timestamp":"12-09-2023 10:06:06"}
{"level":"info","message":"Henrry Bourgeot ha entrado al módulo de los estudiantes","timestamp":"12-09-2023 10:06:06"}
{"level":"warn","message":"Henrry Bourgeot ha registrado al estudiante FRANCISCO RAMIREZ","timestamp":"12-09-2023 10:13:12"}
{"level":"info","message":"Henrry Bourgeot ha entrado al módulo de los estudiantes","timestamp":"12-09-2023 10:13:12"}
{"level":"info","message":"Henrry Bourgeot ha iniciado sesión","timestamp":"18-09-2023 22:01:10"}
{"level":"info","message":"Henrry Bourgeot ha entrado al módulo de los pagos","timestamp":"18-09-2023 22:01:15"}
{"level":"info","message":"Henrry Bourgeot ha entrado al módulo de los pagos","timestamp":"18-09-2023 22:02:04"}
{"level":"warn","message":"Atención, Henrry Bourgeot puede que registre un pago","timestamp":"18-09-2023 22:02:07"}
{"level":"warn","message":"Henrry Bourgeot ha registrado un pago del estudiante de C.I. N° V-30555724 por concepto 'pre_inscripcion'","timestamp":"18-09-2023 22:05:18"}
{"level":"info","message":"Henrry Bourgeot ha generado la factura nro. 0011","timestamp":"18-09-2023 22:05:18"}
{"level":"warn","message":"Atención, Henrry Bourgeot puede que registre un pago","timestamp":"18-09-2023 22:05:26"}
{"level":"warn","message":"Henrry Bourgeot ha registrado un pago del estudiante de C.I. N° V-30555724 por concepto 'inscripcion'","timestamp":"18-09-2023 22:05:50"}
{"level":"info","message":"Henrry Bourgeot ha generado la factura nro. 0012","timestamp":"18-09-2023 22:05:51"}
{"level":"warn","message":"Atención, Henrry Bourgeot puede que registre un pago","timestamp":"18-09-2023 22:11:58"}
{"level":"info","message":"Henrry Bourgeot ha iniciado sesión","timestamp":"06-10-2023 22:16:30"}
{"level":"info","message":"Henrry Bourgeot ha entrado al módulo de los estudiantes","timestamp":"06-10-2023 22:16:35"}
{"level":"info","message":"Henrry Bourgeot ha entrado a ver la lista de los estudiantes","timestamp":"06-10-2023 22:16:38"}
{"level":"info","message":"Henrry Bourgeot ha entrado a ver los datos del estudiante ELIBETH LEONELA CURALLI JAIMES","timestamp":"06-10-2023 22:19:50"}
{"level":"info","message":"Henrry Bourgeot ha entrado a ver la lista de los estudiantes","timestamp":"06-10-2023 22:19:59"}
{"level":"info","message":"Henrry Bourgeot ha entrado al módulo de los estudiantes","timestamp":"06-10-2023 22:20:05"}
{"level":"info","message":"Henrry Bourgeot ha entrado a ver la lista de los estudiantes","timestamp":"06-10-2023 22:20:07"}
{"level":"info","message":"Henrry Bourgeot ha entrado al módulo de los estudiantes","timestamp":"06-10-2023 22:20:12"}
{"level":"info","message":"Henrry Bourgeot ha entrado a ver la lista de los estudiantes","timestamp":"06-10-2023 22:20:42"}
{"level":"info","message":"Henrry Bourgeot ha entrado al módulo de los estudiantes","timestamp":"06-10-2023 22:21:19"}
{"level":"info","message":"Henrry Bourgeot ha entrado a ver la lista de los estudiantes","timestamp":"06-10-2023 22:21:24"}
{"level":"info","message":"Henrry Bourgeot ha entrado a ver los datos del estudiante SHARON ANDREINA GAMBOA ","timestamp":"06-10-2023 22:21:26"}
{"level":"info","message":"Henrry Bourgeot ha entrado a ver la lista de los estudiantes","timestamp":"06-10-2023 22:21:27"}
{"level":"info","message":"Henrry Bourgeot ha entrado al módulo de los estudiantes","timestamp":"06-10-2023 22:21:28"}
{"level":"info","message":"Henrry Bourgeot ha entrado a ver la lista de los estudiantes","timestamp":"06-10-2023 22:21:36"}
{"level":"info","message":"Henrry Bourgeot ha entrado al módulo de los estudiantes","timestamp":"06-10-2023 22:21:38"}
{"level":"info","message":"Henrry Bourgeot ha entrado a ver la lista de los estudiantes","timestamp":"06-10-2023 22:21:40"}
{"level":"info","message":"Henrry Bourgeot ha entrado al módulo de los pagos","timestamp":"06-10-2023 22:21:47"}
{"level":"info","message":"Henrry Bourgeot ha entrado al módulo de los estudiantes","timestamp":"06-10-2023 22:21:52"}
{"level":"info","message":"Henrry Bourgeot ha entrado al módulo de los estudiantes","timestamp":"06-10-2023 22:22:28"}
{"level":"info","message":"Henrry Bourgeot ha entrado a ver la lista de los estudiantes","timestamp":"06-10-2023 22:22:29"}
{"level":"info","message":"Henrry Bourgeot ha entrado a ver los datos del estudiante RONALD ALFONSO MALDONADO PIRELA","timestamp":"06-10-2023 22:22:31"}
{"level":"info","message":"Henrry Bourgeot ha entrado al módulo de los estudiantes","timestamp":"06-10-2023 22:23:34"}
{"level":"info","message":"Henrry Bourgeot ha entrado a ver la lista de los estudiantes","timestamp":"06-10-2023 22:23:58"}
{"level":"info","message":"Henrry Bourgeot ha entrado a ver los datos del estudiante ELIBETH LEONELA CURALLI JAIMES","timestamp":"06-10-2023 22:24:00"}
{"level":"info","message":"Henrry Bourgeot ha entrado a ver la lista de los estudiantes","timestamp":"06-10-2023 22:24:02"}
{"level":"info","message":"Henrry Bourgeot ha entrado al módulo de los estudiantes","timestamp":"06-10-2023 22:24:06"}
{"level":"info","message":"Henrry Bourgeot ha entrado al módulo de los pagos","timestamp":"06-10-2023 22:24:23"}
{"level":"info","message":"Henrry Bourgeot ha entrado al módulo de los pagos","timestamp":"06-10-2023 22:24:27"}
{"level":"info","message":"Henrry Bourgeot ha entrado al módulo de los pagos","timestamp":"06-10-2023 22:24:40"}
{"level":"info","message":"Henrry Bourgeot está viendo los pagos realizados por el estudiante HENRRY FRANCISCO BOURGEOT SILVA","timestamp":"06-10-2023 22:24:53"}
{"level":"info","message":"Henrry Bourgeot ha entrado al módulo de los pagos","timestamp":"06-10-2023 22:24:58"}
{"level":"info","message":"Henrry Bourgeot ha generado la factura nro. 0013","timestamp":"06-10-2023 22:27:04"}
{"level":"info","message":"Henrry Bourgeot ha generado la factura nro. 0014","timestamp":"06-10-2023 22:28:31"}
{"level":"info","message":"Henrry Bourgeot ha iniciado sesión","timestamp":"09-10-2023 15:11:13"}
{"level":"info","message":"Henrry Bourgeot ha entrado al módulo de los pagos","timestamp":"09-10-2023 15:11:17"}
{"level":"warn","message":"Atención, Henrry Bourgeot puede que registre un pago","timestamp":"09-10-2023 15:11:20"}
{"level":"info","message":"Henrry Bourgeot ha entrado al módulo de los pagos","timestamp":"09-10-2023 15:11:36"}
{"level":"info","message":"Henrry Bourgeot ha entrado al módulo de los estudiantes","timestamp":"09-10-2023 15:11:41"}
{"level":"info","message":"Henrry Bourgeot ha entrado a ver la lista de los estudiantes","timestamp":"09-10-2023 15:11:42"}
{"level":"info","message":"Henrry Bourgeot ha entrado a ver los datos del estudiante GISED VALENTINA ZERPA COLINA","timestamp":"09-10-2023 15:11:50"}
{"level":"info","message":"Henrry Bourgeot ha entrado a ver la lista de los estudiantes","timestamp":"09-10-2023 15:11:53"}
{"level":"info","message":"Henrry Bourgeot ha entrado al módulo de los estudiantes","timestamp":"09-10-2023 15:11:56"}
{"level":"info","message":"Henrry Bourgeot ha entrado al módulo de los pagos","timestamp":"09-10-2023 15:11:59"}
{"level":"info","message":"Henrry Bourgeot está viendo los pagos realizados por el estudiante BARTLLY LEONEL CURALLI JAIMES","timestamp":"09-10-2023 15:12:08"}
{"level":"info","message":"Henrry Bourgeot ha entrado al módulo de los pagos","timestamp":"09-10-2023 15:12:09"}
{"level":"warn","message":"Atención, Henrry Bourgeot puede que registre un pago","timestamp":"09-10-2023 15:12:11"}
{"level":"warn","message":"Atención, Henrry Bourgeot puede que registre un pago","timestamp":"09-10-2023 15:22:23"}
{"level":"warn","message":"Henrry Bourgeot ha registrado un pago del estudiante de C.I. N° V-23801471 por concepto 'inscripcion'","timestamp":"09-10-2023 15:23:17"}
{"level":"info","message":"Henrry Bourgeot ha generado la factura nro. 0002","timestamp":"09-10-2023 15:29:44"}
{"level":"warn","message":"Atención, Henrry Bourgeot puede que registre un pago","timestamp":"09-10-2023 15:30:39"}
{"level":"info","message":"Henrry Bourgeot ha entrado al módulo de los pagos","timestamp":"09-10-2023 15:30:46"}
{"level":"info","message":"Henrry Bourgeot está viendo los pagos realizados por el estudiante BARTLLY LEONEL CURALLI JAIMES","timestamp":"09-10-2023 15:30:53"}
{"level":"info","message":"Henrry Bourgeot está viendo los pagos realizados por el estudiante BARTLLY LEONEL CURALLI JAIMES","timestamp":"09-10-2023 15:31:59"}
{"level":"info","message":"Henrry Bourgeot ha entrado al módulo de los pagos","timestamp":"09-10-2023 15:32:00"}
{"level":"info","message":"Henrry Bourgeot ha entrado al módulo de los estudiantes","timestamp":"09-10-2023 15:32:04"}
{"level":"info","message":"Henrry Bourgeot ha entrado a ver la lista de los estudiantes","timestamp":"09-10-2023 15:32:05"}
{"level":"info","message":"Henrry Bourgeot ha entrado al módulo de los estudiantes","timestamp":"09-10-2023 15:32:07"}
{"level":"warn","message":"Henrry Bourgeot ha registrado al estudiante FRANCISCO HENRRY BOURGEOT BOLIVAR","timestamp":"09-10-2023 15:35:17"}
{"level":"info","message":"Henrry Bourgeot ha entrado al módulo de los estudiantes","timestamp":"09-10-2023 15:35:17"}
{"level":"warn","message":"Henrry Bourgeot ha registrado al estudiante HENRRY FRANCISCO LIZIR BOLIVAR","timestamp":"09-10-2023 15:40:54"}
{"level":"info","message":"Henrry Bourgeot ha entrado al módulo de los estudiantes","timestamp":"09-10-2023 15:40:55"}
{"level":"info","message":"Henrry Bourgeot ha entrado a ver la lista de los estudiantes","timestamp":"09-10-2023 15:41:52"}
{"level":"info","message":"Henrry Bourgeot ha entrado al módulo de los estudiantes","timestamp":"09-10-2023 15:41:55"}
{"level":"info","message":"Henrry Bourgeot ha entrado a ver la lista de los estudiantes","timestamp":"09-10-2023 15:41:58"}
{"level":"info","message":"Henrry Bourgeot ha entrado al módulo de los estudiantes","timestamp":"09-10-2023 15:41:59"}
{"level":"info","message":"Henrry Bourgeot ha entrado a ver la lista de los estudiantes","timestamp":"09-10-2023 15:42:04"}
{"level":"info","message":"Henrry Bourgeot ha entrado al módulo de los estudiantes","timestamp":"09-10-2023 15:42:06"}
{"level":"info","message":"Henrry Bourgeot ha iniciado sesión","timestamp":"12-10-2023 22:38:22"}
{"level":"info","message":"Henrry Bourgeot ha entrado al módulo de los estudiantes","timestamp":"12-10-2023 22:39:09"}
{"level":"info","message":"Henrry Bourgeot ha entrado a ver la lista de los estudiantes","timestamp":"12-10-2023 22:39:10"}
{"level":"info","message":"Henrry Bourgeot ha entrado al módulo de los estudiantes","timestamp":"12-10-2023 22:39:11"}
{"level":"info","message":"Henrry Bourgeot ha entrado a ver la lista de los estudiantes","timestamp":"12-10-2023 22:39:14"}
{"level":"info","message":"Henrry Bourgeot ha entrado al módulo de los estudiantes","timestamp":"12-10-2023 22:39:15"}
{"level":"info","message":"Henrry Bourgeot ha entrado a ver la lista de los estudiantes","timestamp":"12-10-2023 22:39:20"}
{"level":"info","message":"Henrry Bourgeot ha entrado a ver la lista de los estudiantes","timestamp":"12-10-2023 22:39:40"}
{"level":"info","message":"Henrry Bourgeot ha entrado al módulo de los estudiantes","timestamp":"12-10-2023 22:39:54"}
{"level":"info","message":"Henrry Bourgeot ha entrado a ver la lista de los estudiantes","timestamp":"12-10-2023 22:40:05"}
{"level":"info","message":"Henrry Bourgeot ha entrado al módulo de los estudiantes","timestamp":"12-10-2023 22:40:08"}
{"level":"info","message":"Henrry Bourgeot ha entrado a ver la lista de los estudiantes","timestamp":"12-10-2023 22:40:10"}
{"level":"info","message":"Henrry Bourgeot ha entrado al módulo de los estudiantes","timestamp":"12-10-2023 22:40:12"}
{"level":"info","message":"Henrry Bourgeot ha entrado a ver la lista de los estudiantes","timestamp":"12-10-2023 22:40:14"}
{"level":"info","message":"Henrry Bourgeot ha entrado al módulo de los estudiantes","timestamp":"12-10-2023 22:40:15"}
{"level":"info","message":"Henrry Bourgeot ha entrado a ver la lista de los estudiantes","timestamp":"12-10-2023 22:40:19"}
{"level":"info","message":"Henrry Bourgeot ha entrado al módulo de los estudiantes","timestamp":"12-10-2023 22:41:00"}
{"level":"info","message":"Henrry Bourgeot ha entrado a ver la lista de los estudiantes","timestamp":"12-10-2023 22:41:04"}
{"level":"info","message":"Henrry Bourgeot ha entrado al módulo de los estudiantes","timestamp":"12-10-2023 22:41:06"}
{"level":"info","message":"Henrry Bourgeot ha entrado a ver la lista de los estudiantes","timestamp":"12-10-2023 22:41:10"}
{"level":"info","message":"Henrry Bourgeot ha entrado al módulo de los estudiantes","timestamp":"12-10-2023 22:41:12"}
{"level":"info","message":"Henrry Bourgeot ha entrado a ver la lista de los estudiantes","timestamp":"12-10-2023 22:41:18"}
{"level":"info","message":"Henrry Bourgeot ha entrado al módulo de los estudiantes","timestamp":"12-10-2023 22:41:36"}
{"level":"info","message":"Henrry Bourgeot ha entrado al módulo de los estudiantes","timestamp":"12-10-2023 22:42:09"}
{"level":"info","message":"Henrry Bourgeot ha entrado a ver la lista de los estudiantes","timestamp":"12-10-2023 22:42:11"}
{"level":"info","message":"Henrry Bourgeot ha entrado a ver la lista de los estudiantes","timestamp":"12-10-2023 22:42:15"}
{"level":"info","message":"Henrry Bourgeot ha entrado al módulo de los estudiantes","timestamp":"12-10-2023 22:42:17"}
{"level":"info","message":"Henrry Bourgeot ha entrado a ver la lista de los estudiantes","timestamp":"12-10-2023 22:42:23"}
{"level":"info","message":"Henrry Bourgeot ha entrado al módulo de los estudiantes","timestamp":"12-10-2023 22:43:00"}
{"level":"info","message":"Henrry Bourgeot ha entrado a ver la lista de los estudiantes","timestamp":"12-10-2023 22:43:07"}
{"level":"info","message":"Henrry Bourgeot ha entrado al módulo de los estudiantes","timestamp":"12-10-2023 22:43:07"}
{"level":"info","message":"Henrry Bourgeot ha entrado al módulo de los estudiantes","timestamp":"12-10-2023 22:43:07"}
{"level":"info","message":"Henrry Bourgeot ha entrado a ver la lista de los estudiantes","timestamp":"12-10-2023 22:43:33"}
{"level":"info","message":"Henrry Bourgeot ha entrado al módulo de los estudiantes","timestamp":"12-10-2023 22:43:34"}
{"level":"info","message":"Henrry Bourgeot ha entrado a ver la lista de los estudiantes","timestamp":"12-10-2023 22:43:37"}
{"level":"info","message":"Henrry Bourgeot ha entrado al módulo de los estudiantes","timestamp":"12-10-2023 22:43:38"}
{"level":"info","message":"Henrry Bourgeot ha entrado a ver la lista de los estudiantes","timestamp":"12-10-2023 22:43:42"}
{"level":"info","message":"Henrry Bourgeot ha entrado al módulo de los estudiantes","timestamp":"12-10-2023 22:43:42"}
{"level":"info","message":"Henrry Bourgeot ha entrado al módulo de los estudiantes","timestamp":"12-10-2023 22:45:58"}
{"level":"info","message":"Henrry Bourgeot ha entrado al módulo de los estudiantes","timestamp":"12-10-2023 22:48:08"}
{"level":"info","message":"Henrry Bourgeot ha entrado a ver la lista de los estudiantes","timestamp":"12-10-2023 22:50:28"}
{"level":"info","message":"Henrry Bourgeot ha entrado a ver los datos del estudiante BARTLLY LEONEL CURALLI JAIMES","timestamp":"12-10-2023 22:50:29"}
{"level":"info","message":"Henrry Bourgeot ha entrado a ver la lista de los estudiantes","timestamp":"12-10-2023 22:56:17"}
{"level":"info","message":"Henrry Bourgeot ha entrado al módulo de los estudiantes","timestamp":"12-10-2023 22:56:20"}
{"level":"info","message":"Henrry Bourgeot ha entrado a ver la lista de los estudiantes","timestamp":"12-10-2023 22:56:22"}
{"level":"info","message":"Henrry Bourgeot ha entrado al módulo de los pagos","timestamp":"12-10-2023 22:56:29"}
{"level":"info","message":"Henrry Bourgeot ha entrado al módulo de los pagos","timestamp":"12-10-2023 22:56:33"}
{"level":"info","message":"Henrry Bourgeot ha entrado al módulo de los estudiantes","timestamp":"12-10-2023 22:56:38"}
{"level":"info","message":"Henrry Bourgeot ha entrado al módulo de los estudiantes","timestamp":"12-10-2023 22:56:42"}
{"level":"info","message":"Henrry Bourgeot ha entrado al módulo de los pagos","timestamp":"12-10-2023 22:58:28"}
{"level":"info","message":"Henrry Bourgeot ha entrado al módulo de los pagos","timestamp":"12-10-2023 22:59:02"}
{"level":"info","message":"Henrry Bourgeot está viendo los pagos realizados por el estudiante HENRRY FRANCISCO BOURGEOT SILVA","timestamp":"12-10-2023 22:59:38"}
{"level":"info","message":"Henrry Bourgeot ha entrado al módulo de los pagos","timestamp":"12-10-2023 22:59:40"}
{"level":"info","message":"Henrry Bourgeot está viendo los pagos realizados por el estudiante HENRRY FRANCISCO BOURGEOT SILVA","timestamp":"12-10-2023 22:59:54"}
{"level":"info","message":"Henrry Bourgeot ha entrado al módulo de los pagos","timestamp":"12-10-2023 22:59:55"}
{"level":"info","message":"Henrry Bourgeot ha entrado al módulo de los pagos","timestamp":"12-10-2023 23:02:05"}
{"level":"info","message":"Henrry Bourgeot ha iniciado sesión","timestamp":"16-10-2023 23:17:45"}
{"level":"info","message":"Henrry Bourgeot ha entrado al módulo de los pagos","timestamp":"16-10-2023 23:19:25"}
{"level":"info","message":"Henrry Bourgeot ha entrado al módulo de los pagos","timestamp":"16-10-2023 23:19:35"}
{"level":"info","message":"Henrry Bourgeot ha entrado al módulo de los pagos","timestamp":"16-10-2023 23:19:51"}
{"level":"info","message":"Henrry Bourgeot ha entrado al módulo de los pagos","timestamp":"16-10-2023 23:20:07"}
{"level":"warn","message":"Atención, Henrry Bourgeot puede que registre un pago","timestamp":"16-10-2023 23:23:49"}
{"level":"warn","message":"Atención, Henrry Bourgeot puede que registre un pago","timestamp":"16-10-2023 23:32:45"}
{"level":"warn","message":"Henrry Bourgeot ha registrado un pago del estudiante de C.I. N° V-30555724 por concepto 'pre_inscripcion'","timestamp":"16-10-2023 23:34:25"}
{"level":"info","message":"Henrry Bourgeot ha generado la factura nro. 0003","timestamp":"16-10-2023 23:34:25"}
{"level":"warn","message":"Atención, Henrry Bourgeot puede que registre un pago","timestamp":"16-10-2023 23:38:04"}
{"level":"warn","message":"Henrry Bourgeot ha registrado un pago del estudiante de C.I. N° V-30555724 por concepto 'cuota1'","timestamp":"16-10-2023 23:38:37"}
{"level":"info","message":"Henrry Bourgeot ha generado la factura nro. 0004","timestamp":"16-10-2023 23:38:38"}
{"level":"info","message":"Henrry Bourgeot ha entrado al módulo de los pagos","timestamp":"16-10-2023 23:40:35"}
{"level":"info","message":"Henrry Bourgeot está viendo los pagos realizados por el estudiante HENRRY FRANCISCO BOURGEOT SILVA","timestamp":"16-10-2023 23:40:41"}
{"level":"info","message":"Henrry Bourgeot está viendo los pagos realizados por el estudiante HENRRY FRANCISCO BOURGEOT SILVA","timestamp":"16-10-2023 23:43:52"}
{"level":"info","message":"Henrry Bourgeot está viendo los pagos realizados por el estudiante HENRRY FRANCISCO BOURGEOT SILVA","timestamp":"16-10-2023 23:43:57"}
{"level":"info","message":"Henrry Bourgeot está viendo los pagos realizados por el estudiante HENRRY FRANCISCO BOURGEOT SILVA","timestamp":"16-10-2023 23:45:39"}
{"level":"info","message":"Henrry Bourgeot está viendo los pagos realizados por el estudiante HENRRY FRANCISCO BOURGEOT SILVA","timestamp":"16-10-2023 23:45:53"}
{"level":"info","message":"Caja ha iniciado sesión","timestamp":"13-06-2024 19:24:14"}
{"level":"info","message":"Caja ha entrado al módulo de los estudiantes","timestamp":"13-06-2024 19:25:50"}
{"level":"info","message":"Caja ha entrado al módulo de los estudiantes","timestamp":"13-06-2024 19:25:59"}
{"level":"warn","message":"Caja ha registrado al estudiante ELIBETH LEONELA CURALLI JAIMES","timestamp":"13-06-2024 19:28:17"}
{"level":"info","message":"Caja ha entrado a ver la lista de los estudiantes","timestamp":"13-06-2024 19:28:24"}
{"level":"info","message":"Caja ha entrado al módulo de los estudiantes","timestamp":"13-06-2024 19:28:24"}
{"level":"info","message":"Caja ha entrado al módulo de los estudiantes","timestamp":"13-06-2024 19:41:47"}
{"level":"warn","message":"Caja ha registrado al estudiante ELIBETH LEONELA CURALLI JAIMES","timestamp":"13-06-2024 19:49:15"}
{"level":"info","message":"Caja ha entrado al módulo de los estudiantes","timestamp":"13-06-2024 19:49:15"}
{"level":"warn","message":"Caja ha registrado al estudiante HENRRY FRANCISCO BOURGEOT SILVA","timestamp":"13-06-2024 19:51:22"}
{"level":"info","message":"Caja ha entrado al módulo de los estudiantes","timestamp":"13-06-2024 19:51:22"}
{"level":"warn","message":"Caja ha registrado al estudiante SHARON ANDREINA GAMBOA TANCO","timestamp":"13-06-2024 19:53:49"}
{"level":"info","message":"Caja ha entrado al módulo de los estudiantes","timestamp":"13-06-2024 19:53:49"}
{"level":"warn","message":"Caja ha registrado al estudiante FRANCISCO GABRIEL SILVA PERSAQ","timestamp":"13-06-2024 19:59:42"}
{"level":"info","message":"Caja ha entrado al módulo de los estudiantes","timestamp":"13-06-2024 19:59:42"}
{"level":"warn","message":"Caja ha registrado al estudiante LUIS GUILLERMO CRUCES ALTAHONA","timestamp":"13-06-2024 20:02:04"}
{"level":"warn","message":"Caja ha registrado al estudiante BARTLLY LEONEL CURALLI JAIMES","timestamp":"13-06-2024 20:03:07"}
{"level":"warn","message":"Caja ha registrado al estudiante MARIACELESTE SEMPRUM GARBOZA","timestamp":"13-06-2024 20:05:26"}
{"level":"warn","message":"Caja ha registrado al estudiante ELIZABETH JAIMES RAMIREZ","timestamp":"13-06-2024 20:07:39"}
{"level":"warn","message":"Caja ha registrado al estudiante BARTOLOMEO SEGUNDO CURALLI CENTENO","timestamp":"13-06-2024 20:08:49"}
{"level":"info","message":"Caja ha entrado al módulo de los estudiantes","timestamp":"13-06-2024 20:09:34"}
{"level":"info","message":"Caja ha entrado a ver la lista de los estudiantes","timestamp":"13-06-2024 20:09:55"}
{"level":"info","message":"Caja ha entrado a ver los datos del estudiante ELIBETH LEONELA CURALLI JAIMES","timestamp":"13-06-2024 20:10:49"}
{"level":"info","message":"Caja ha entrado al módulo de los estudiantes","timestamp":"13-06-2024 20:10:52"}
{"level":"info","message":"Caja ha entrado al módulo de los estudiantes","timestamp":"13-06-2024 20:11:06"}
{"level":"info","message":"Caja ha entrado al módulo de los estudiantes","timestamp":"13-06-2024 20:11:12"}
{"level":"info","message":"Caja ha entrado a ver la lista de los estudiantes","timestamp":"13-06-2024 20:11:14"}
{"level":"info","message":"Caja ha entrado al módulo de los estudiantes","timestamp":"13-06-2024 20:12:12"}
{"level":"info","message":"Caja ha entrado a ver la lista de los estudiantes","timestamp":"13-06-2024 20:12:20"}
{"level":"info","message":"Caja ha entrado a ver la lista de los estudiantes","timestamp":"13-06-2024 20:12:20"}
{"level":"info","message":"Caja ha entrado a ver los datos del estudiante ELIBETH LEONELA CURALLI JAIMES","timestamp":"13-06-2024 20:12:25"}
{"level":"warn","message":"Atención, Caja puede que registre un pago","timestamp":"13-06-2024 20:14:35"}
{"level":"info","message":"Caja ha entrado al módulo de los estudiantes","timestamp":"13-06-2024 20:42:01"}
{"level":"info","message":"Caja ha entrado a ver la lista de los estudiantes","timestamp":"13-06-2024 20:42:34"}
{"level":"info","message":"Caja ha entrado a ver la lista de los estudiantes","timestamp":"13-06-2024 20:46:50"}
{"level":"info","message":"Caja ha entrado a ver la lista de los estudiantes","timestamp":"13-06-2024 20:46:52"}
{"level":"info","message":"Caja ha entrado a ver la lista de los estudiantes","timestamp":"13-06-2024 20:47:11"}
{"level":"info","message":"Caja ha entrado a ver la lista de los estudiantes","timestamp":"13-06-2024 20:48:24"}
{"level":"info","message":"Caja ha entrado a ver la lista de los estudiantes","timestamp":"13-06-2024 20:48:27"}
{"level":"info","message":"Caja ha entrado a ver la lista de los estudiantes","timestamp":"13-06-2024 20:48:55"}
{"level":"info","message":"Caja ha entrado a ver los datos del estudiante ELIBETH LEONELA CURALLI JAIMES","timestamp":"13-06-2024 20:51:51"}
{"level":"info","message":"Caja ha entrado a ver los datos del estudiante ELIBETH LEONELA CURALLI JAIMES","timestamp":"13-06-2024 20:57:02"}
{"level":"info","message":"Caja ha entrado a ver los datos del estudiante ELIBETH LEONELA CURALLI JAIMES","timestamp":"13-06-2024 21:00:40"}
{"level":"info","message":"Caja ha entrado a ver la lista de los estudiantes","timestamp":"13-06-2024 21:02:38"}
{"level":"info","message":"Caja ha entrado al módulo de los estudiantes","timestamp":"13-06-2024 21:03:17"}
{"level":"info","message":"Caja ha entrado al módulo de los estudiantes","timestamp":"13-06-2024 21:08:37"}
{"level":"info","message":"Caja ha entrado a ver la lista de los estudiantes","timestamp":"13-06-2024 21:08:38"}
{"level":"warn","message":"Atención, Caja puede que registre un pago","timestamp":"13-06-2024 21:08:51"}
{"level":"warn","message":"Caja ha registrado un pago del estudiante de C.I. N° V-29890437 por concepto 'pre_inscripcion'","timestamp":"13-06-2024 21:22:41"}
{"level":"info","message":"Caja ha generado la factura nro. 0001","timestamp":"13-06-2024 21:23:33"}
{"level":"info","message":"Caja ha iniciado sesión","timestamp":"13-06-2024 21:26:43"}
{"level":"info","message":"Caja ha entrado al módulo de los pagos","timestamp":"13-06-2024 21:26:45"}
{"level":"warn","message":"Atención, Caja puede que registre un pago","timestamp":"13-06-2024 21:26:47"}
{"level":"info","message":"Caja ha iniciado sesión","timestamp":"23-06-2024 18:27:46"}
{"level":"info","message":"Caja ha entrado al módulo de los estudiantes","timestamp":"23-06-2024 18:28:08"}
{"level":"info","message":"Caja ha entrado al módulo de los estudiantes","timestamp":"23-06-2024 18:28:28"}
{"level":"info","message":"Caja ha entrado a ver la lista de los estudiantes","timestamp":"23-06-2024 18:28:30"}
{"level":"info","message":"Caja ha entrado a ver los datos del estudiante ELIBETH LEONELA CURALLI JAIMES","timestamp":"23-06-2024 18:28:34"}
{"level":"warn","message":"Caja ha editado algunos datos del estudiante ELIBETH LEONELA CURALLI JAIMES","timestamp":"23-06-2024 18:29:20"}
{"level":"info","message":"Caja ha entrado a ver los datos del estudiante ELIBETH LEONELA CURALLI JAIMES","timestamp":"23-06-2024 18:29:20"}
{"level":"info","message":"Caja ha entrado al módulo de los estudiantes","timestamp":"23-06-2024 18:29:21"}
{"level":"info","message":"Caja ha entrado a ver la lista de los estudiantes","timestamp":"23-06-2024 18:29:23"}
{"level":"info","message":"Caja ha entrado al módulo de los estudiantes","timestamp":"23-06-2024 18:36:37"}
{"level":"info","message":"Caja ha entrado a ver la lista de los estudiantes","timestamp":"23-06-2024 18:36:42"}
{"level":"info","message":"Caja ha entrado al módulo de los estudiantes","timestamp":"23-06-2024 18:36:46"}
{"level":"info","message":"Caja ha entrado a ver la lista de los estudiantes","timestamp":"23-06-2024 18:36:49"}
{"level":"info","message":"Caja ha entrado al módulo de los pagos","timestamp":"23-06-2024 18:38:59"}
{"level":"warn","message":"Atención, Caja puede que registre un pago","timestamp":"23-06-2024 18:39:02"}
{"level":"info","message":"Caja ha entrado al módulo de los pagos","timestamp":"23-06-2024 18:39:07"}
{"level":"info","message":"Caja está viendo los pagos realizados por el estudiante HENRRY FRANCISCO BOURGEOT SILVA","timestamp":"23-06-2024 18:39:24"}
{"level":"info","message":"Caja ha entrado al módulo de los pagos","timestamp":"23-06-2024 18:39:26"}
{"level":"info","message":"Caja está viendo los pagos realizados por el estudiante ELIBETH LEONELA CURALLI JAIMES","timestamp":"23-06-2024 18:39:50"}
{"level":"info","message":"Caja está viendo los pagos realizados por el estudiante ELIBETH LEONELA CURALLI JAIMES","timestamp":"23-06-2024 18:39:55"}
